sonda da legenda de tres linhas (81 caracteres)
  wrap devolve 3 linhas: [34] [41] [4]
  enforceLineLimit devolve 2 legenda(s)
  legenda de 160 caracteres → 3 legendas
    2 linha(s): Não, tudo bem, tudo bem, estou realmente vindo, então
    2 linha(s): estou um pouco à frente. Depois, desculpe, como você
    2 linha(s): faz os músculos triângulos? Eu não entendo muito bem.
    2 linha(s): Depois, desculpe, como você faz os músculos
    1 linha(s): triângulos? Eu não entendo muito bem.

"esse número não é definitivo, ainda pode..."
  | esse número não é definitivo, ainda podemos reduzi-lo  (53)
  | bastante se cortarmos a segunda fase do projeto  (47)

"curto..."
  | curto  (5)

"uma frase sem nenhuma pontuação que prec..."
  | uma frase sem nenhuma pontuação que precisa ser quebrada  (56)
  | mesmo assim porque passa do limite de caracteres  (48)

"Maria é nossa engenheira principal na eq..."
  | Maria é nossa engenheira principal na equipe de  (47)
  | pagamentos. Ela passou o último mês escrevendo a lógica  (55)
  | de tentativa. A engenheira nos explicou todos os casos  (54)
  | extremos.  (9)

  | japoneses, os vegetais e frutas são  (35)
  | geralmente vendidos em pacotes.  (31)


maiuscula de comeco de frase
  ok    a primeira legenda comeca com maiuscula
  ok    depois de ponto, maiuscula
  ok    comeco de frase apos '?' sobe
  ok    metade de frase partida continua minuscula
  ok    o que ja estava certo nao muda
  ok    legenda vazia nao quebra a conta
  ok    legenda vazia nao engole a frase seguinte

travessao de troca de locutor
  ok    o corpo sozinho cabe em duas linhas
  ok    com travessao o SRT continua em duas linhas (deu 2)
  ok    a legenda longa e repartida (deu 3)
  ok    todas as partes continuam do mesmo locutor (3 de 3)
  ok    so a primeira parte leva travessao (deu 1)

quebra de linha ok
