codigo de tempo

  ok    zero
  ok    minutos e milissegundos
  ok    passa de uma hora
  ok    tempo negativo nao vira lixo

agrupamento em legendas
  ok    duas frases viram duas legendas (deu 2)
  ok    as palavras remontam a frase
  ok    no inicio do arquivo o recuo para em zero
  ok    a legenda seguinte entra antes da fala sem invadir a anterior (3.25)
  ok    termina no tempo da ultima
  ok    a pausa de 1,4s separa as legendas (deu 3.25)
  ok    nenhuma legenda termina antes de comecar
  ok    tempos desordenados na entrada saem em ordem e sem sobreposicao
  ok    a legenda mais antiga vem primeiro
    00:00:02,549 → 00:00:07,299  primeira.
    00:00:26,050 → 00:00:31,199  terceira.
    00:00:31,199 → 00:00:32,200  segunda.
  ok    nenhuma legenda fica curta demais para ler
  ok    fragmento solto e juntado a vizinha
  ok    resposta curta de outra voz nao e juntada (deu 2)
  ok    a resposta continua sendo de quem respondeu
  ok    sobra da mesma voz continua sendo juntada (deu 1)
  ok    juntar nao faz a legenda passar de 7s (maior: 7.00s)
  ok    legenda que comeca depois do fim do video e descartada
  ok    nenhuma legenda passa do fim do video
  ok    nenhuma legenda fica mais que 7s na tela (maior: 7.0s)
  ok    o que esta dentro do video fica
  ok    o teto de tela vale mesmo sem saber a duracao do video
  ok    legendas nao se sobrepoem no tempo
  ok    toda legenda tem duracao positiva

limite de duas linhas
  ok    legenda longa demais e dividida (deu 2)
  ok    nenhuma legenda passa de duas linhas
  ok    toda parte tem duracao positiva
  ok    nenhuma parte pisca na tela (menor: 2.89s)
  ok    as partes ficam de tamanho parecido ([58, 54])
  ok    a legenda japonesa longa e dividida
  ok    sem fronteira natural, o original fica inteiro na primeira parte
  ok    as partes seguintes ficam sem original em vez de com metade de uma palavra
  ok    a pontuacao japonesa serve de fronteira
    | みなさんこんにちは ここはスーパーです  →  Olá a todos, este é um supermercado e hoje
    | 今日は買い物をします  →  vamos fazer compras aqui dentro dele com calma.
  ok    a primeira comeca no tempo original
  ok    a ultima nao passa do tempo original
  ok    as partes ficam em ordem no tempo
    00:00:10,000 → 00:00:13,107  A engenheira nos explicou todos os casos extremos, ninguém
    00:00:13,107 → 00:00:16,000  teve dúvidas, então ela aprovou tudo sozinha na sexta.

arquivo SRT
  ok    primeiro bloco no formato SubRip
  ok    segundo bloco numerado
  ok    o original nao entra por padrao
    1
    00:00:00,000 --> 00:00:02,100
    Olá.
    2
    00:00:03,500 --> 00:00:05,000
    Ninguém tinha perguntas.

lote que falha
  ok    o lote que falhou nao inventa traducao
  ok    a falha vira aviso na tela: 1 lote não foi traduzido — essas legendas saíram no idioma original.
  ok    sem traducao, o arquivo sai no idioma de origem
  ok    resposta com contagem errada e descartada inteira
  ok    a contagem errada tambem avisa
  ok    sem lote nenhum, sem aviso

legenda de arquivo ok
