apple japanese silence false あ
apple japanese silence true あ
apple japanese noise false 
apple japanese noise true 
apple english silence false 
apple english silence true 
apple english noise false .
apple english noise true 
whisper japanese silence false ご視聴ありがとうございました
whisper japanese silence true ご視聴ありがとうございました
whisper japanese noise false ご視聴ありがとうございました
whisper japanese noise true はい
whisper english silence false you
whisper english silence true you
whisper english noise false .
whisper english noise true .
parakeet english silence false 
parakeet english silence true 
parakeet english noise false 
parakeet english noise true 
