sobreposicao de contexto

  sobreposicao 10: 14837 ms
  sobreposicao 0: 12106 ms

as 5 falas depois da borda do lote:
    The engineer walked us through every edge case.
      com 10: O engenheiro nos explicou todos os casos extremos.
      com  0: O engenheiro nos explicou todos os casos extremos.
    Nobody had questions, so the lead approved it alone.
      com 10: Ninguém tinha perguntas, então o líder aprovou sozinho.
      com  0: Ninguém tinha perguntas, então o líder aprovou sozinho.
    The engineer said the rollout would take two days.
      com 10: O engenheiro disse que o lançamento levaria dois dias.
      com  0: O engenheiro disse que o lançamento levaria dois dias.
    We asked the lead to write the postmortem.
      com 10: Pedimos ao líder para escrever o postmortem.
      com  0: Pedimos ao líder para escrever o postmortem.
    The engineer is on vacation until the end of the month.
      com 10: O engenheiro está de férias até o final do mês.
      com  0: O engenheiro está de férias até o final do mês.

mudaram: 0 das 5 na borda, 0 de 45 no total
genero feminino acertado na borda: com 10 = 0, com 0 = 0
