SPEAKER_LOSS input=1 identified=1 output=3 identified=0
1
00:00:00,000 --> 00:00:02,377
Esta frase precisa manter a identidade de
quem fala. Esta frase precisa

2
00:00:02,377 --> 00:00:04,789
manter a identidade de quem fala. Esta
frase precisa manter a identidade

3
00:00:04,789 --> 00:00:07,000
de quem fala. Esta frase precisa manter a
identidade de quem fala.


ASSIGN_TOTAL A=6s B=4s selected=B
TRANSLATION_FAILURE returned=1 translated=""
TRANSLATION_FAILURE_EXPORT 1 | 00:00:00,000 --> 00:00:02,000 | This is English. |  | 
SRT_WHITESPACE count=1 body=Primeira. 2 00:00:02,000 --> 00:00:03,000 Segunda.
SRT_PREFIX_OVERFLOW n=14 lines=3 1 | 00:00:00,000 --> 00:00:05,000 | — | teste teste teste teste teste teste teste | teste teste teste teste teste teste teste |  | 
SHORT_SPLIT 0.0 0.7 71
SHORT_SPLIT 0.7 1.4 72
SHORT_SPLIT 1.4 1.7 66
SHORT_SPLIT 1.7 2.0 9
SHORT_SPEAKER_REPLY count=1
SHORT_SPEAKER_REPLY speaker=Locutor 1 text=Você entregou o relatório? Sim.
OPEN_INVALID previousDuration=540.0 currentDuration=540.0 currentTime=400.0 stage=ready canGenerate=true
PLAYBACK advanced=1.500070087 player=1.584829129
END_PLAYBACK uiPlaying=true actualRate=0.0 time=109.24910884353741 duration=109.24910884353741
OPEN_VOLUME uiVolume=0.4 actualVolume=1.0 uiMuted=true actualMuted=false
