[whisperkit] Prewarming models...
[whisperkit] Loading models...
[whisperkit] Loaded models for whisper size: large-v3 in 1.08s
[whisperkit] Decoding 0.00s - 30.00s
[whisperkit] Decoding Temperature: 0.0
[whisperkit] Decoding 0.00s - 30.00s
[whisperkit] Decoding Temperature: 0.0
[whisperkit] Decoding 0.00s - 8.47s
[whisperkit] Decoding Temperature: 0.0
[whisperkit] Decoding 0.00s - 28.10s
[whisperkit] Decoding Temperature: 0.0
[whisperkit] Decoding 26.30s - 28.10s
[whisperkit] Decoding Temperature: 0.0
[whisperkit] Decoding 27.00s - 30.00s
[whisperkit] Decoding Temperature: 0.0
[whisperkit] Decoding 28.78s - 30.00s
[whisperkit] Decoding Temperature: 0.0
[bruto] 0.00-1.70  はぁー
[bruto] 3.26-5.24  もしもーし!
[bruto] 6.92-10.12  俺の名は、モンキー・D・ルフィ!
[bruto] 10.70-12.42  海賊王になる男だ!
[bruto] 13.34-14.98  おい、ルフィ!何言ってんだ!
[bruto] 15.80-18.80  ドクター・ベガ・パンクは、俺たちがもらった!
[asr] 32 segmentos, 32 mantidos
SCAN whisper sortformer turns=27 voices=3 pieces=30 cues=19 asr=4.610201001167297
