[whisperkit] Prewarming models...
[whisperkit] Loading models...
[whisperkit] Loaded models for whisper size: large-v3 in 1.10s
[whisperkit] Decoding 0.00s - 8.47s
[whisperkit] Decoding Temperature: 0.0
[whisperkit] Decoding 0.00s - 30.00s
[whisperkit] Decoding Temperature: 0.0
[whisperkit] Decoding 0.00s - 28.10s
[whisperkit] Decoding Temperature: 0.0
[whisperkit] Decoding 0.00s - 30.00s
[whisperkit] Decoding Temperature: 0.0
[whisperkit] Decoding 26.00s - 28.10s
[whisperkit] Decoding Temperature: 0.0
[bruto] 0.00-30.00  
[bruto] 30.00-60.00  
[bruto] 63.30-65.66  そうだ! なんか文句あくか?
[bruto] 66.16-67.76  いやそれ以上挑発するな!
[bruto] 68.80-72.26  エッグヘッドの中では今誰が生き残っている?
[bruto] 73.16-76.10  えーっと… 怪我してる奴もいて…
[asr] 10 segmentos, 10 mantidos
SCAN whisper sortformer turns=25 voices=3 pieces=6 cues=4 asr=3.274104952812195
