[whisperkit] Prewarming models...
[whisperkit] Loading models...
[whisperkit] Loaded models for whisper size: large-v3 in 1.09s
[whisperkit] Decoding 0.00s - 8.47s
[whisperkit] Decoding Temperature: 0.0
[whisperkit] Decoding 0.00s - 28.10s
[whisperkit] Decoding Temperature: 0.0
[whisperkit] Decoding 0.00s - 30.00s
[whisperkit] Decoding Temperature: 0.0
[whisperkit] Decoding 0.00s - 30.00s
[whisperkit] Decoding Temperature: 0.0
[whisperkit] Decoding 26.30s - 28.10s
[whisperkit] Decoding Temperature: 0.0
[whisperkit] Decoding 28.00s - 30.00s
[whisperkit] Decoding Temperature: 0.0
[whisperkit] Decoding 28.78s - 30.00s
[whisperkit] Decoding Temperature: 0.0
[bruto] 0.00-1.70  はぁー
[bruto] 3.10-5.24  もしもーし
[bruto] 6.92-7.76  俺の名は
[bruto] 8.60-10.12  モンキーDルフィ
[bruto] 10.68-12.42  海賊王になる男だ
[bruto] 13.26-15.00  おいルフィ何言ってんだ
[asr] 34 segmentos, 34 mantidos
SCAN whisper sortformer turns=28 voices=3 pieces=32 cues=19 asr=4.562525987625122
