[whisperkit] Prewarming models...
[whisperkit] Loading models...
[whisperkit] Loaded models for whisper size: large-v3 in 1.11s
[whisperkit] Decoding 0.00s - 8.47s
[whisperkit] Decoding Temperature: 0.0
[whisperkit] Decoding 0.00s - 30.00s
[whisperkit] Decoding Temperature: 0.0
[whisperkit] Decoding 0.00s - 30.00s
[whisperkit] Decoding Temperature: 0.0
[whisperkit] Decoding 0.00s - 28.10s
[whisperkit] Decoding Temperature: 0.0
[whisperkit] Decoding 26.00s - 28.10s
[whisperkit] Decoding Temperature: 0.0
[whisperkit] Decoding 28.00s - 30.00s
[whisperkit] Decoding Temperature: 0.0
[bruto] 1.32-1.72  もしもーし!
[bruto] 1.72-7.58  俺の名は、モンキーDルフィ! 海賊王になる男だ!
[bruto] 8.76-11.10  おい!ルフィ! 何言ってんだ!
[bruto] 11.70-14.98  ドクターベガパンクは俺たちがもらった!
[bruto] 15.56-20.44  よくの命が惜しければ、 海岸の船を全部どけろ!
[bruto] 30.00-60.00  
[asr] 14 segmentos, 14 mantidos
SCAN whisper sortformer turns=27 voices=3 pieces=11 cues=9 asr=4.4009469747543335
